// Jest Snapshot v1, https://goo.gl/fbAQLP

exports[`Renders Pokemon when props are passed 1`] = `
<Fragment>
  <div>
    <img
      alt="Pikachu"
      className="pokemon-img"
      src="hhtp://123"
    />
    <p>
      Name: 
      Pikachu
    </p>
    <p>
      Number: 
      001
    </p>
    <p>
      Types: 
      test
    </p>
    <p>
      Resistant: 
      blah
    </p>
    <p>
      Weaknesses: 
      Hello, World
    </p>
  </div>
</Fragment>
`;
