// Jest Snapshot v1, https://goo.gl/fbAQLP

exports[`Renders Pokemon when props are passed 1`] = `
<div>
  <img
    alt="Pikachu"
    class="pokemon-img"
    src="hhtp://123"
  />
  <p
    class="poke-text"
  >
    Name: 
    Pikachu
  </p>
  <p
    class="poke-text"
  >
    Number: 
    001
  </p>
  <p
    class="poke-text"
  >
    Types: 
    test
  </p>
  <p
    class="poke-text"
  >
    Resistant: 
    blah
  </p>
  <p
    class="poke-text"
  >
    Weaknesses: 
    Hello, World
  </p>
</div>
`;
