// Jest Snapshot v1, https://goo.gl/fbAQLP

exports[`Should display list of pokemons 1`] = `
<div>
  <h1>
    Pokemon List
  </h1>
  <div
    class="container"
  >
    <div
      class="poke-list"
    >
      <div>
        <a
          class="poke-selected"
          href="/1"
        >
          <img
            alt="Bulbasaur"
            class="avatar"
            src="https://img.pokemondb.net/artwork/bulbasaur.jpg"
          />
          <p
            class="text"
          >
            Bulbasaur
            -
            001
          </p>
        </a>
        <a
          class="poke-selected"
          href="/2"
        >
          <img
            alt="Venusaur"
            class="avatar"
            src="https://img.pokemondb.net/artwork/venusaur.jpg"
          />
          <p
            class="text"
          >
            Venusaur
            -
            003
          </p>
        </a>
      </div>
    </div>
  </div>
</div>
`;
